
> the-404-society@0.0.0 build
> vite build

[36mvite v6.4.1 [32mbuilding for production...[36m[39m
transforming...
node.exe : 
[33mnode_modules/react-router/dist/development/index.mjs (11:0): 
Module level directives cause errors when bundled, "use client" in 
"node_modules/react-router/dist/development/index.mjs" was 
ignored.[39m
At C:\Program Files\nodejs\npm.ps1:29 char:3
+   & $NODE_EXE $NPM_CLI_JS $args
+   ~~~~~~~~~~~~~~~~~~~~~~~~~~~~~
    + CategoryInfo          : NotSpecified: ([33mnode_modul...s ig 
   nored.[39m:String) [], RemoteException
    + FullyQualifiedErrorId : NativeCommandError
 
[33mnode_modules/react-router/dist/development/dom-export.mjs 
(1:0): Module level directives cause errors when bundled, "use 
client" in 
"node_modules/react-router/dist/development/dom-export.mjs" was 
ignored.[39m
[33mnode_modules/framer-motion/dist/es/components/MotionConfig/inde
x.mjs (1:0): Module level directives cause errors when bundled, 
"use client" in "node_modules/framer-motion/dist/es/components/Motio
nConfig/index.mjs" was ignored.[39m
[33mnode_modules/framer-motion/dist/es/components/AnimatePresence/P
resenceChild.mjs (1:0): Module level directives cause errors when 
bundled, "use client" in "node_modules/framer-motion/dist/es/compone
nts/AnimatePresence/PresenceChild.mjs" was ignored.[39m
[33mnode_modules/framer-motion/dist/es/components/LayoutGroup/index
.mjs (1:0): Module level directives cause errors when bundled, "use 
client" in "node_modules/framer-motion/dist/es/components/LayoutGrou
p/index.mjs" was ignored.[39m
[33mnode_modules/framer-motion/dist/es/components/AnimatePresence/P
opChild.mjs (1:0): Module level directives cause errors when 
bundled, "use client" in "node_modules/framer-motion/dist/es/compone
nts/AnimatePresence/PopChild.mjs" was ignored.[39m
[33mnode_modules/framer-motion/dist/es/components/LazyMotion/index.
mjs (1:0): Module level directives cause errors when bundled, "use 
client" in "node_modules/framer-motion/dist/es/components/LazyMotion
/index.mjs" was ignored.[39m
[33mnode_modules/framer-motion/dist/es/motion/utils/use-visual-stat
e.mjs (1:0): Module level directives cause errors when bundled, 
"use client" in "node_modules/framer-motion/dist/es/motion/utils/use
-visual-state.mjs" was ignored.[39m
[33mnode_modules/framer-motion/dist/es/utils/use-unmount-effect.mjs
 (1:0): Module level directives cause errors when bundled, "use 
client" in 
"node_modules/framer-motion/dist/es/utils/use-unmount-effect.mjs" 
was ignored.[39m
[33mnode_modules/framer-motion/dist/es/render/dom/features-animatio
n.mjs (1:0): Module level directives cause errors when bundled, 
"use client" in "node_modules/framer-motion/dist/es/render/dom/featu
res-animation.mjs" was ignored.[39m
[33mnode_modules/framer-motion/dist/es/render/dom/features-max.mjs 
(1:0): Module level directives cause errors when bundled, "use 
client" in 
"node_modules/framer-motion/dist/es/render/dom/features-max.mjs" 
was ignored.[39m
[33mnode_modules/framer-motion/dist/es/render/dom/features-min.mjs 
(1:0): Module level directives cause errors when bundled, "use 
client" in 
"node_modules/framer-motion/dist/es/render/dom/features-min.mjs" 
was ignored.[39m
[33mnode_modules/framer-motion/dist/es/utils/use-force-update.mjs 
(1:0): Module level directives cause errors when bundled, "use 
client" in 
"node_modules/framer-motion/dist/es/utils/use-force-update.mjs" was 
ignored.[39m
[33mnode_modules/framer-motion/dist/es/utils/use-motion-value-event
.mjs (1:0): Module level directives cause errors when bundled, "use 
client" in "node_modules/framer-motion/dist/es/utils/use-motion-valu
e-event.mjs" was ignored.[39m
[33mnode_modules/framer-motion/dist/es/value/use-motion-template.mj
s (1:0): Module level directives cause errors when bundled, "use 
client" in 
"node_modules/framer-motion/dist/es/value/use-motion-template.mjs" 
was ignored.[39m
[33mnode_modules/framer-motion/dist/es/utils/use-isomorphic-effect.
mjs (1:0): Module level directives cause errors when bundled, "use 
client" in "node_modules/framer-motion/dist/es/utils/use-isomorphic-
effect.mjs" was ignored.[39m
[33mnode_modules/framer-motion/dist/es/value/use-follow-value.mjs 
(1:0): Module level directives cause errors when bundled, "use 
client" in 
"node_modules/framer-motion/dist/es/value/use-follow-value.mjs" was 
ignored.[39m
[33mnode_modules/framer-motion/dist/es/value/use-spring.mjs (1:0): 
Module level directives cause errors when bundled, "use client" in 
"node_modules/framer-motion/dist/es/value/use-spring.mjs" was 
ignored.[39m
[33mnode_modules/framer-motion/dist/es/value/use-will-change/index.
mjs (1:0): Module level directives cause errors when bundled, "use 
client" in "node_modules/framer-motion/dist/es/value/use-will-change
/index.mjs" was ignored.[39m
[33mnode_modules/framer-motion/dist/es/value/use-time.mjs (1:0): 
Module level directives cause errors when bundled, "use client" in 
"node_modules/framer-motion/dist/es/value/use-time.mjs" was 
ignored.[39m
[33mnode_modules/framer-motion/dist/es/value/use-scroll.mjs (1:0): 
Module level directives cause errors when bundled, "use client" in 
"node_modules/framer-motion/dist/es/value/use-scroll.mjs" was 
ignored.[39m
[33mnode_modules/framer-motion/dist/es/value/use-motion-value.mjs 
(1:0): Module level directives cause errors when bundled, "use 
client" in 
"node_modules/framer-motion/dist/es/value/use-motion-value.mjs" was 
ignored.[39m
[33mnode_modules/framer-motion/dist/es/value/use-transform.mjs 
(1:0): Module level directives cause errors when bundled, "use 
client" in 
"node_modules/framer-motion/dist/es/value/use-transform.mjs" was 
ignored.[39m
[33mnode_modules/framer-motion/dist/es/value/use-velocity.mjs 
(1:0): Module level directives cause errors when bundled, "use 
client" in 
"node_modules/framer-motion/dist/es/value/use-velocity.mjs" was 
ignored.[39m
[33mnode_modules/framer-motion/dist/es/utils/reduced-motion/use-red
uced-motion-config.mjs (1:0): Module level directives cause errors 
when bundled, "use client" in "node_modules/framer-motion/dist/es/ut
ils/reduced-motion/use-reduced-motion-config.mjs" was ignored.[39m
[33mnode_modules/framer-motion/dist/es/animation/hooks/use-animate.
mjs (1:0): Module level directives cause errors when bundled, "use 
client" in "node_modules/framer-motion/dist/es/animation/hooks/use-a
nimate.mjs" was ignored.[39m
[33mnode_modules/framer-motion/dist/es/animation/hooks/use-animate-
style.mjs (1:0): Module level directives cause errors when bundled, 
"use client" in "node_modules/framer-motion/dist/es/animation/hooks/
use-animate-style.mjs" was ignored.[39m
[33mnode_modules/framer-motion/dist/es/animation/hooks/use-animatio
n.mjs (1:0): Module level directives cause errors when bundled, 
"use client" in "node_modules/framer-motion/dist/es/animation/hooks/
use-animation.mjs" was ignored.[39m
[33mnode_modules/framer-motion/dist/es/components/AnimatePresence/u
se-presence.mjs (1:0): Module level directives cause errors when 
bundled, "use client" in "node_modules/framer-motion/dist/es/compone
nts/AnimatePresence/use-presence.mjs" was ignored.[39m
[33mnode_modules/framer-motion/dist/es/components/AnimatePresence/u
se-presence-data.mjs (1:0): Module level directives cause errors 
when bundled, "use client" in "node_modules/framer-motion/dist/es/co
mponents/AnimatePresence/use-presence-data.mjs" was ignored.[39m
[33mnode_modules/framer-motion/dist/es/events/use-dom-event.mjs 
(1:0): Module level directives cause errors when bundled, "use 
client" in 
"node_modules/framer-motion/dist/es/events/use-dom-event.mjs" was 
ignored.[39m
[33mnode_modules/framer-motion/dist/es/utils/use-instant-transition
.mjs (1:0): Module level directives cause errors when bundled, "use 
client" in "node_modules/framer-motion/dist/es/utils/use-instant-tra
nsition.mjs" was ignored.[39m
[33mnode_modules/framer-motion/dist/es/utils/use-page-in-view.mjs 
(1:0): Module level directives cause errors when bundled, "use 
client" in 
"node_modules/framer-motion/dist/es/utils/use-page-in-view.mjs" was 
ignored.[39m
[33mnode_modules/framer-motion/dist/es/utils/use-in-view.mjs 
(1:0): Module level directives cause errors when bundled, "use 
client" in 
"node_modules/framer-motion/dist/es/utils/use-in-view.mjs" was 
ignored.[39m
[33mnode_modules/framer-motion/dist/es/context/LayoutGroupContext.m
js (1:0): Module level directives cause errors when bundled, "use 
client" in 
"node_modules/framer-motion/dist/es/context/LayoutGroupContext.mjs" 
was ignored.[39m
[33mnode_modules/framer-motion/dist/es/context/MotionConfigContext.
mjs (1:0): Module level directives cause errors when bundled, "use 
client" in "node_modules/framer-motion/dist/es/context/MotionConfigC
ontext.mjs" was ignored.[39m
[33mnode_modules/framer-motion/dist/es/utils/use-cycle.mjs (1:0): 
Module level directives cause errors when bundled, "use client" in 
"node_modules/framer-motion/dist/es/utils/use-cycle.mjs" was 
ignored.[39m
[33mnode_modules/framer-motion/dist/es/context/MotionContext/index.
mjs (1:0): Module level directives cause errors when bundled, "use 
client" in "node_modules/framer-motion/dist/es/context/MotionContext
/index.mjs" was ignored.[39m
[33mnode_modules/framer-motion/dist/es/context/PresenceContext.mjs 
(1:0): Module level directives cause errors when bundled, "use 
client" in 
"node_modules/framer-motion/dist/es/context/PresenceContext.mjs" 
was ignored.[39m
[33mnode_modules/framer-motion/dist/es/utils/use-animation-frame.mj
s (1:0): Module level directives cause errors when bundled, "use 
client" in 
"node_modules/framer-motion/dist/es/utils/use-animation-frame.mjs" 
was ignored.[39m
[33mnode_modules/framer-motion/dist/es/context/SwitchLayoutGroupCon
text.mjs (1:0): Module level directives cause errors when bundled, 
"use client" in "node_modules/framer-motion/dist/es/context/SwitchLa
youtGroupContext.mjs" was ignored.[39m
[33mnode_modules/framer-motion/dist/es/components/AnimateSharedLayo
ut.mjs (1:0): Module level directives cause errors when bundled, 
"use client" in "node_modules/framer-motion/dist/es/components/Anima
teSharedLayout.mjs" was ignored.[39m
[33mnode_modules/framer-motion/dist/es/value/use-inverted-scale.mjs
 (1:0): Module level directives cause errors when bundled, "use 
client" in 
"node_modules/framer-motion/dist/es/value/use-inverted-scale.mjs" 
was ignored.[39m
[33mnode_modules/framer-motion/dist/es/context/DeprecatedLayoutGrou
pContext.mjs (1:0): Module level directives cause errors when 
bundled, "use client" in "node_modules/framer-motion/dist/es/context
/DeprecatedLayoutGroupContext.mjs" was ignored.[39m
[33mnode_modules/framer-motion/dist/es/animation/hooks/use-animated
-state.mjs (1:0): Module level directives cause errors when 
bundled, "use client" in "node_modules/framer-motion/dist/es/animati
on/hooks/use-animated-state.mjs" was ignored.[39m
[33mnode_modules/framer-motion/dist/es/components/AnimatePresence/i
ndex.mjs (1:0): Module level directives cause errors when bundled, 
"use client" in "node_modules/framer-motion/dist/es/components/Anima
tePresence/index.mjs" was ignored.[39m
[33mnode_modules/framer-motion/dist/es/utils/reduced-motion/use-red
uced-motion.mjs (1:0): Module level directives cause errors when 
bundled, "use client" in "node_modules/framer-motion/dist/es/utils/r
educed-motion/use-reduced-motion.mjs" was ignored.[39m
[33mnode_modules/framer-motion/dist/es/utils/use-constant.mjs 
(1:0): Module level directives cause errors when bundled, "use 
client" in 
"node_modules/framer-motion/dist/es/utils/use-constant.mjs" was 
ignored.[39m
[33mnode_modules/framer-motion/dist/es/context/LazyContext.mjs 
(1:0): Module level directives cause errors when bundled, "use 
client" in 
"node_modules/framer-motion/dist/es/context/LazyContext.mjs" was 
ignored.[39m
[33mnode_modules/framer-motion/dist/es/utils/use-is-mounted.mjs 
(1:0): Module level directives cause errors when bundled, "use 
client" in 
"node_modules/framer-motion/dist/es/utils/use-is-mounted.mjs" was 
ignored.[39m
[33mnode_modules/framer-motion/dist/es/value/use-combine-values.mjs
 (1:0): Module level directives cause errors when bundled, "use 
client" in 
"node_modules/framer-motion/dist/es/value/use-combine-values.mjs" 
was ignored.[39m
[33mnode_modules/framer-motion/dist/es/value/use-computed.mjs 
(1:0): Module level directives cause errors when bundled, "use 
client" in 
"node_modules/framer-motion/dist/es/value/use-computed.mjs" was 
ignored.[39m
[33mnode_modules/framer-motion/dist/es/components/Reorder/Item.mjs 
(1:0): Module level directives cause errors when bundled, "use 
client" in 
"node_modules/framer-motion/dist/es/components/Reorder/Item.mjs" 
was ignored.[39m
[33mnode_modules/framer-motion/dist/es/components/Reorder/Group.mjs
 (1:0): Module level directives cause errors when bundled, "use 
client" in 
"node_modules/framer-motion/dist/es/components/Reorder/Group.mjs" 
was ignored.[39m
[32mΓ£ô[39m 2042 modules transformed.
[31mΓ£ù[39m Build failed in 5.08s
[31merror during build:
[31mCould not resolve "../../admin/ImageUpload" from 
"pages/admin/tabs/EventsTab.tsx"[31m
file: [36mC:/Users/cnbhu/Downloads/the-404-society/pages/admin/tabs
/EventsTab.tsx[31m
    at getRollupError (file:///C:/Users/cnbhu/Downloads/the-404-soci
ety/node_modules/rollup/dist/es/shared/parseAst.js:401:41)
    at error (file:///C:/Users/cnbhu/Downloads/the-404-society/node_
modules/rollup/dist/es/shared/parseAst.js:397:42)
    at ModuleLoader.handleInvalidResolvedId (file:///C:/Users/cnbhu/
Downloads/the-404-society/node_modules/rollup/dist/es/shared/node-en
try.js:21661:24)
    at file:///C:/Users/cnbhu/Downloads/the-404-society/node_modules
/rollup/dist/es/shared/node-entry.js:21621:26[39m
